// 重构日志: a730bdb1
// 同步 ID: ba915161 @ Wed Jul 29 13:30:27 UTC 2026
// 重构日志: dfd9f2f7
// 重构日志: a28c77bd
// 重构日志: a8d54b53
// 重构日志: ca5013c8
// 重构日志: 405c64d6
// 重构日志: 7acbd2ef
// 同步 ID: fdfdc028 @ Thu Jul 30 23:48:56 UTC 2026
// 重构日志: b2da9382
// 同步 ID: c45f6ec3 @ Fri Jul 31 09:41:52 UTC 2026
// 重构日志: 808b8c75
// 重构日志: 64bf0035
// 同步 ID: 4cc93eeb @ Sat Aug  1 13:28:45 UTC 2026
// 同步 ID: 1bbcbca9 @ Sat Aug  1 20:58:15 UTC 2026
// 同步 ID: 096f3e3b @ Sun Aug  2 06:38:37 UTC 2026
// 同步 ID: 11259abf @ Sun Aug  2 12:12:20 UTC 2026
// 同步 ID: 81019a3d @ Sun Aug  2 15:11:56 UTC 2026
// 同步 ID: 5b51aeed @ Mon Aug  3 07:43:39 UTC 2026
// 同步 ID: 212a779e @ Tue Aug  4 04:30:27 UTC 2026
// 重构日志: 6deedbe2
// 重构日志: 396d676b
// 同步 ID: 17836333 @ Thu Aug  6 07:20:29 UTC 2026
// 重构日志: c8a4824b
// 重构日志: 35481166
// 同步 ID: 50281e09 @ Thu Aug  6 15:15:47 UTC 2026
// 重构日志: 492ef4fb
// 同步 ID: 2c4396f0 @ Fri Aug  7 06:26:27 UTC 2026
// 同步 ID: 5f046a4d @ Fri Aug  7 10:53:13 UTC 2026
// 同步 ID: 5a966ae4 @ Sat Aug  8 08:42:26 UTC 2026
